540
852
central america
1889
adolph rickenbacker
china
1987
meg ryan
sirius
kilimanjaro
dennis
mississippi
alan shepard
1972
suu kyi
redmond
264
morris
los angeles
luna
filipino
rome
pluto
70
keystone
redwood
thailand
olmsted
400
frances folsom
quail
berlin
2130
michael
12
poseidon
1964
alamo
sacramento
dinosaur
20
egypt
pluto
1941
richard
vincent furnier
7
james naismith
1775
amazon